ℹ === PWHL Data Creation started ===
ℹ Processing seasons: 391

── Processing 391 PWHL season ──────────────────────────────────────────────────
ℹ Downloading 391 schedule from pwhl-raw
✖ Failed to read RDS from https://raw.githubusercontent.com/sportsdataverse/fastRhockey-pwhl-raw/main/pwhl/schedules/rds/pwhl_schedule_391.rds: cannot open the connection to 'https://raw.githubusercontent.com/sportsdataverse/fastRhockey-pwhl-raw/main/pwhl/schedules/rds/pwhl_schedule_391.rds'
ℹ Downloading 391 schedule from pwhl-raw✖ Could not fetch schedule for 391. Skipping.
ℹ Downloading 391 schedule from pwhl-raw✔ Downloaded 391 schedule [110ms]

Warning message:
In readRDS(con) :
  cannot open URL 'https://raw.githubusercontent.com/sportsdataverse/fastRhockey-pwhl-raw/main/pwhl/schedules/rds/pwhl_schedule_391.rds': HTTP status was '404 Not Found'
ℹ Building master schedule + pwhl_games_in_data_repo
→ Uploading 3 files!
ℹ Building master schedule + pwhl_games_in_data_repoℹ Start upload of 7 files to
<https://github.com/sportsdataverse/sportsdataverse-data/releases> @
pwhl_schedules
ℹ Building master schedule + pwhl_games_in_data_repo✔ Upload successfully completed.
ℹ Building master schedule + pwhl_games_in_data_repo→ Uploaded 7 to sportsdataverse/sportsdataverse-data @ pwhl_schedules on 2026-07-12 21:13:01.746567
ℹ Building master schedule + pwhl_games_in_data_repo[1] "cli-213-33"
→ Uploading 3 files!
ℹ Building master schedule + pwhl_games_in_data_repoℹ Start upload of 7 files to
<https://github.com/sportsdataverse/sportsdataverse-data/releases> @
pwhl_schedules
ℹ Building master schedule + pwhl_games_in_data_repo✔ Upload successfully completed.
ℹ Building master schedule + pwhl_games_in_data_repo→ Uploaded 7 to sportsdataverse/sportsdataverse-data @ pwhl_schedules on 2026-07-12 21:13:03.672479
ℹ Building master schedule + pwhl_games_in_data_repo[1] "cli-213-44"
✔ 320 total schedule rows, 320 with PBP
ℹ Building master schedule + pwhl_games_in_data_repoℹ === PWHL Data Creation complete ===
ℹ Building master schedule + pwhl_games_in_data_repo
ℹ Building master schedule + pwhl_games_in_data_repo── All done! ───────────────────────────────────────────────────────────────────
ℹ Building master schedule + pwhl_games_in_data_repoOn branch main
Your branch is up to date with 'origin/main'.

nothing to commit, working tree clean
No changes to commit
Everything up-to-date
